[INFO][AppLauncher]: Using device: cuda:0
[INFO][AppLauncher]: Loading experience file: /mnt/ssd/zxl/IsaacLab/apps/isaaclab.python.headless.kit
[2026-07-31 09:15:46,351][asyncio][DEBUG] - Using selector: EpollSelector
[2026-07-31 09:15:47,827][trimesh.util][DEBUG] - falling back to hashlib hashing: `pip install xxhash`for 50x faster cache checks
[2026-07-31 09:15:48,059][h5py._conv][DEBUG] - Creating converter from 7 to 5
[2026-07-31 09:15:48,059][h5py._conv][DEBUG] - Creating converter from 5 to 7
[2026-07-31 09:15:48,059][h5py._conv][DEBUG] - Creating converter from 7 to 5
[2026-07-31 09:15:48,059][h5py._conv][DEBUG] - Creating converter from 5 to 7
[2026-07-31 09:15:48,097][matplotlib][DEBUG] - matplotlib data path: /home/zxl/miniconda3/envs/zxl-pace/lib/python3.10/site-packages/matplotlib/mpl-data
[2026-07-31 09:15:48,100][matplotlib][DEBUG] - CONFIGDIR=/home/zxl/.config/matplotlib
[2026-07-31 09:15:48,100][matplotlib][DEBUG] - interactive is False
[2026-07-31 09:15:48,100][matplotlib][DEBUG] - platform is linux
[2026-07-31 09:15:48,138][matplotlib][DEBUG] - CACHEDIR=/home/zxl/.cache/matplotlib
[2026-07-31 09:15:48,139][matplotlib.font_manager][DEBUG] - Using fontManager instance from /home/zxl/.cache/matplotlib/fontlist-v390.json
[Warning] [simulation_app.simulation_app] Modules: ['omni.kit_app'] were loaded before SimulationApp was started and might not be loaded correctly.
[Warning] [simulation_app.simulation_app] Please check to make sure no extra omniverse or pxr modules are imported before the call to SimulationApp(...)
Loading user config located at: '/home/zxl/miniconda3/envs/zxl-pace/lib/python3.10/site-packages/omni/data/Kit/Isaac-Sim/4.5/user.config.json'
[Info] [carb] Logging to file: /home/zxl/miniconda3/envs/zxl-pace/lib/python3.10/site-packages/omni/logs/Kit/Isaac-Sim/4.5/kit_20260731_091546.log
2026-07-31 01:15:46 [0ms] [Warning] [omni.kit.app.plugin] No crash reporter present, dumps uploading isn't available.
2026-07-31 01:15:46 [1ms] [Warning] [omni.ext.plugin] [ext: rendering_modes] Extensions config 'extension.toml' doesn't exist '/mnt/ssd/zxl/IsaacLab/apps/rendering_modes' or '/mnt/ssd/zxl/IsaacLab/apps/rendering_modes/config'
2026-07-31 01:15:46 [69ms] [Warning] [omni.usd_config.extension] Enable omni.materialx.libs extension to use MaterialX
2026-07-31 01:15:46 [118ms] [Warning] [omni.platforminfo.plugin] failed to open the default display.  Can't verify X Server version.
2026-07-31 01:15:46 [255ms] [Warning] [omni.datastore] OmniHub is inaccessible
2026-07-31 01:15:46 [310ms] [Warning] [omni.isaac.dynamic_control] omni.isaac.dynamic_control is deprecated as of Isaac Sim 4.5. No action is needed from end-users.

|---------------------------------------------------------------------------------------------|
| Driver Version: 580.105.08    | Graphics API: Vulkan
|=============================================================================================|
| GPU | Name                             | Active | LDA | GPU Memory | Vendor-ID | LUID       |
|     |                                  |        |     |            | Device-ID | UUID       |
|     |                                  |        |     |            | Bus-ID    |            |
|---------------------------------------------------------------------------------------------|
| 0   | NVIDIA GeForce RTX 5090          | Yes: 0 |     | 32607   MB | 10de      | 0          |
|     |                                  |        |     |            | 2b85      | c2a01bc3.. |
|     |                                  |        |     |            | 1         |            |
|---------------------------------------------------------------------------------------------|
| 1   | NVIDIA GeForce RTX 5090          | Yes: 1 |     | 32607   MB | 10de      | 0          |
|     |                                  |        |     |            | 2b85      | 837a84cc.. |
|     |                                  |        |     |            | 7         |            |
|=============================================================================================|
| OS: 24.04.2 LTS (Noble Numbat) ubuntu, Version: 24.04.2, Kernel: 6.17.0-35-generic
| Processor: Intel(R) Core(TM) i9-14900K
| Bare Metal Cores: 24 | Bare Metal Logical Cores: 48
| Available Cores:  32 
|---------------------------------------------------------------------------------------------|
| Total Memory (MB): 128491 | Free Memory: 118809
| Total Page/Swap (MB): 8191 | Free Page/Swap: 7149
|---------------------------------------------------------------------------------------------|
2026-07-31 01:15:49 [3,180ms] [Warning] [gpu.foundation.plugin] IOMMU is enabled.
2026-07-31 01:15:49 [3,180ms] [Warning] [gpu.foundation.plugin] Detected IOMMU is enabled. Running CUDA peer-to-peer bandwidth and latency validation.
Unidirectional P2P=Enabled Bandwidth (P2P Writes) Matrix (GB/s)
   D\D     0      1 
     0 1522.90   6.81 
     1   6.96 1553.18 
P2P=Enabled Latency (P2P Writes) Matrix (us)
   GPU     0      1 
     0   2.07  20.61 
     1  20.41   2.07 

   CPU     0      1 
     0   1.23   3.42 
     1   3.24   1.17 
2026-07-31 01:15:49 [3,430ms] [Warning] [gpu.foundation.plugin] CUDA peer-to-peer observed bandwidth: 6.8 GB/s.
2026-07-31 01:15:49 [3,430ms] [Warning] [gpu.foundation.plugin] CUDA peer-to-peer observed latency: 20.6 us.
2026-0
[train.py] ERROR during run:
Traceback (most recent call last):
  File "/mnt/ssd/zxl/HOPE_latest_20260721/hope_training/whole_body_tracking/scripts/train.py", line 668, in main
    _run(cfg)
  File "/mnt/ssd/zxl/HOPE_latest_20260721/hope_training/whole_body_tracking/scripts/train.py", line 465, in _run
    import whole_body_tracking.tasks  # noqa: F401  -- registers the gym task
ModuleNotFoundError: No module named 'whole_body_tracking'
7-31 01:15:49 [3,430ms] [Warning] [gpu.foundation.plugin] Please verify if observed bandwidth and latency are expected.
