[Warning] [simulation_app.simulation_app] Modules: ['omni.kit_app'] were loaded before SimulationApp was started and might not be loaded correctly.
[Warning] [simulation_app.simulation_app] Please check to make sure no extra omniverse or pxr modules are imported before the call to SimulationApp(...)
Loading user config located at: '/home/zxl/miniconda3/envs/zxl-pace/lib/python3.10/site-packages/omni/data/Kit/Isaac-Sim/4.5/user.config.json'
[Info] [carb] Logging to file: /home/zxl/miniconda3/envs/zxl-pace/lib/python3.10/site-packages/omni/logs/Kit/Isaac-Sim/4.5/kit_20260802_070538.log
2026-08-01 23:05:38 [0ms] [Warning] [omni.kit.app.plugin] No crash reporter present, dumps uploading isn't available.
2026-08-01 23:05:38 [1ms] [Warning] [omni.ext.plugin] [ext: rendering_modes] Extensions config 'extension.toml' doesn't exist '/mnt/ssd/zxl/IsaacLab/apps/rendering_modes' or '/mnt/ssd/zxl/IsaacLab/apps/rendering_modes/config'
2026-08-01 23:05:38 [69ms] [Warning] [omni.usd_config.extension] Enable omni.materialx.libs extension to use MaterialX
2026-08-01 23:05:38 [119ms] [Warning] [omni.platforminfo.plugin] failed to open the default display.  Can't verify X Server version.
2026-08-01 23:05:38 [259ms] [Warning] [omni.datastore] OmniHub is inaccessible
2026-08-01 23:05:38 [315ms] [Warning] [omni.isaac.dynamic_control] omni.isaac.dynamic_control is deprecated as of Isaac Sim 4.5. No action is needed from end-users.
2026-08-01 23:05:41 [2,836ms] [Warning] [carb.cudainterop.plugin] CUDA_VISIBLE_DEVICES environment variable is set.
2026-08-01 23:05:41 [2,836ms] [Warning] [carb.cudainterop.plugin] Note CUDA device enumeration and Omniverse device enumeration are different.
2026-08-01 23:05:41 [2,836ms] [Warning] [carb.cudainterop.plugin] Setting CUDA_VISIBLE_DEVICES can lead to undesired behavior or crashes.
2026-08-01 23:05:41 [2,838ms] [Warning] [gpu.foundation.plugin] Skipping NVIDIA GPU due CUDA being in bad state: NVIDIA GeForce RTX 5090
2026-08-01 23:05:41 [2,838ms] [Warning] [gpu.foundation.plugin] Please restart your system if CUDA is known to work in your system.
2026-08-01 23:05:41 [2,839ms] [Warning] [gpu.foundation.plugin] Skipping NVIDIA GPU due CUDA being in bad state: NVIDIA GeForce RTX 5090
2026-08-01 23:05:41 [2,839ms] [Warning] [gpu.foundation.plugin] Please restart your system if CUDA is known to work in your system.

|---------------------------------------------------------------------------------------------|
| Driver Version: 580.105.08    | Graphics API: Vulkan
|=============================================================================================|
| GPU | Name                             | Active | LDA | GPU Memory | Vendor-ID | LUID       |
|     |                                  |        |     |            | Device-ID | UUID       |
|     |                                  |        |     |            | Bus-ID    |            |
|---------------------------------------------------------------------------------------------|
| 0   | NVIDIA GeForce RTX 5090          |        |     | 32607   MB | 10de      | 0          |
|     |                                  |        |     |            | 2b85      | c2a01bc3.. |
|     |                                  |        |     |            | 1         |            |
|---------------------------------------------------------------------------------------------|
| 1   | NVIDIA GeForce RTX 5090          | Yes: 0 |     | 32607   MB | 10de      | 0          |
|     |                                  |        |     |            | 2b85      | 837a84cc.. |
|     |                                  |        |     |            | 7         |            |
|=============================================================================================|
| OS: 24.04.2 LTS (Noble Numbat) ubuntu, Version: 24.04.2, Kernel: 6.17.0-35-generic
| Processor: Intel(R) Core(TM) i9-14900K
| Bare Metal Cores: 24 | Bare Metal Logical Cores: 48
| Available Cores:  32 
|---------------------------------------------------------------------------------------------|
| Total Memory (MB): 128491 | [evaluate.py] applied 85 task override(s):
[evaluate.py]     episode_length_s = 12.0
[evaluate.py]     commands.motion.wrap_teleport = False
[evaluate.py]     events.link_mass = (0.95, 1.05)
[evaluate.py]     events.pd_gains = (0.95, 1.05)
[evaluate.py]     observations.policy.racket_target_normal_w = enabled
[evaluate.py]     commands.physical_shadow.route_geometry_mode = independent
[evaluate.py]     commands.physical_shadow.pre_bounce_time_range = [0.44, 0.68]
[evaluate.py]     commands.physical_shadow.post_bounce_time_range = [0.28, 0.48]
[evaluate.py]     commands.physical_shadow.bounce_dx_range = [0.24, 0.78]
[evaluate.py]     commands.physical_shadow.bounce_y_jitter_range = [-0.18, 0.18]
[evaluate.py]     commands.physical_shadow.route_sample_attempts = 8
[evaluate.py]     commands.physical_shadow.route_ability_curriculum_enabled = True
[evaluate.py]     commands.physical_shadow.route_ability_curriculum_start_level = 0.1
[evaluate.py]     commands.physical_shadow.route_ability_curriculum_full_level = 1.0
[evaluate.py]     commands.physical_shadow.route_easy_pre_bounce_time_range = [0.5, 0.62]
[evaluate.py]     commands.physical_shadow.route_easy_post_bounce_time_range = [0.34, 0.46]
[evaluate.py]     commands.physical_shadow.route_easy_bounce_dx_range = [0.3, 0.68]
[evaluate.py]     commands.physical_shadow.route_easy_bounce_y_jitter_range = [-0.1, 0.1]
[evaluate.py]     commands.physical_shadow.post_bounce_command_refresh_enabled = True
[evaluate.py]     commands.physical_shadow.command_refresh_continuous_post_bounce = True
[evaluate.py]     commands.physical_shadow.command_refresh_freeze_tts_s = 0.2
[evaluate.py]     commands.physical_shadow.command_refresh_solution_blend = 1.0
[evaluate.py]     commands.physical_shadow.command_refresh_update_dynamic_station = True
[evaluate.py]     commands.racket_target.table_workspace_fixed_level = -1.0
[evaluate.py]     commands.racket_target.table_workspace_curriculum_start_level = 0.0
[evaluate.py]     commands.racket_target.table_workspace_curriculum_full_level = 1.0
[evaluate.py]     commands.racket_target.table_workspace_motion_seed_blend_start = 0.0
[evaluate.py]     commands.racket_target.table_workspace_motion_seed_end_level = 0.0
[evaluate.py]     commands.racket_target.ability_curriculum_start_ball_scale = 0.5
[evaluate.py]     commands.racket_target.ballistic_flight_time_range = [0.42, 0.78]
[evaluate.py]     commands.racket_target.ballistic_land_x_range = [1.95, 3.05]
[evaluate.py]     commands.racket_target.ballistic_land_y_range = [-0.55, 0.55]
[evaluate.py]     commands.racket_target.impact_inverse_command_curriculum_enabled = False
[evaluate.py]     commands.racket_target.impact_inverse_command_start_blend = 1.0
[evaluate.py]     commands.racket_target.planner_perturb_curriculum_source = fixed
[evaluate.py]     commands.racket_target.planner_perturb_fixed_scale = 0.0
[evaluate.py]     rewards.physical_capability_curriculum.params.fixed_level = -1.0
[evaluate.py]     rewards.physical_capability_curriculum.params.minimum_events = 512
[evaluate.py]     rewards.physical_capability_curriculum.params.ema_rate = 0.25
[evaluate.py]     rewards.physical_capability_curriculum.params.bootstrap_contact_threshold = 0.035
[evaluate.py]     rewards.physical_capability_curriculum.params.contact_threshold = 0.08
[evaluate.py]     rewards.physical_capability_curriculum.params.full_contact_threshold_level = 0.85
[evaluate.py]     rewards.physical_capability_curriculum.params.aligned_contact_threshold = 0.0
[evaluate.py]     rewards.physical_capability_curriculum.params.bootstrap_aligned_contact_threshold = 0.0
[evaluate.py]     rewards.physical_capability_curriculum.params.full_aligned_contact_threshold_level = 0.85
[evaluate.py]     rewards.physical_capability_curriculum.params.net_threshold = 0.02
[evaluate.py]     rewards.physical_capability_curriculum.params.contact_only_until_level = 0.3
[evaluate.py]     rewards.physical_capability_curriculum.params.net_full_threshold_level = 0.75
[evaluate.py]     rewards.physical_capability_curriculum.params.bounce_threshold = 0.01
[evaluate.py]     rewards.physical_capability_curriculum.params.net_only_until_level = 0.6
[evaluate.py]     rewards.physical_capability_curriculum.params.bounce_full_threshold_level = 1.0
[evaluate.py]     rewards.physical_capability_curriculum.params.bootstrap_recovery_threshold = 0.5
[evaluate.py]     rewards.physical_capability_curriculum.params.recovery_threshold = 0.7
[evaluate.py]     rewards.physical_capability_curriculum.params.full_recovery_threshold_level = 0.85
[evaluate.py]     rewards.physical_capability_curriculum.params.safety_threshold = 0.78
[evaluate.py]     rewards.physical_capability_curriculum.params.recovery_floor = 0.45
[evaluate.py]     rewards.physical_capability_curriculum.params.safety_floor = 0.65
[evaluate.py]     rewards.physical_capability_curriculum.params.contact_regress_ratio = 0.65
[evaluate.py]     rewards.physical_capability_curriculum.params.aligned_contact_regress_ratio = 0.0
[evaluate.py]     rewards.physical_capability_curriculum.params.net_regress_ratio = 0.25
[evaluate.py]     rewards.physical_capability_curriculum.params.bounce_regress_ratio = 0.25
[evaluate.py]     rewards.physical_capability_curriculum.params.level_step = 0.05
[evaluate.py]     rewards.physical_capability_curriculum.params.regress_step = 0.05
[evaluate.py]     rewards.physical_capability_curriculum.params.required_advance_checks = 3
[evaluate.py]     rewards.physical_capability_curriculum.params.required_regress_checks = 2
[evaluate.py]     rewards.physical_capability_curriculum.params.center_contact_radius = 0.061
[evaluate.py]     rewards.physical_capability_curriculum.params.aligned_position_error_max = 0.14
[evaluate.py]     rewards.physical_capability_curriculum.params.aligned_velocity_error_max = 1.25
[evaluate.py]     rewards.physical_capability_curriculum.params.aligned_velocity_direction_error_max_deg = 40.0
[evaluate.py]     rewards.physical_capability_curriculum.params.aligned_normal_error_max_deg = 32.0
[evaluate.py]     rewards.physical_capability_curriculum.params.aligned_timing_error_max_s = 0.07
[evaluate.py]     rewards.physical_contact_planner_alignment.weight = 6.0
[evaluate.py]     rewards.physical_contact_planner_alignment.params.position_std = 0.1
[evaluate.py]     rewards.physical_contact_planner_alignment.params.velocity_std = 0.85
[evaluate.py]     rewards.physical_contact_planner_alignment.params.direction_std_deg = 22.0
[evaluate.py]     rewards.physical_contact_planner_alignment.params.normal_std_deg = 18.0
[evaluate.py]     rewards.physical_contact_planner_alignment.params.timing_std_s = 0.08
[evaluate.py]     rewards.physical_outcome_events.params.impact_inverse_quality_floor = 1.0
[evaluate.py]     rewards.physical_outcome_events.params.contact_scale = 0.5
[evaluate.py]     rewards.physical_outcome_events.params.contact_quality_scale = 3.0
[evaluate.py]     commands.racket_target.strike_phase_per_clip = (0.4, 0.4)
[evaluate.py]     commands.motion.motion_start_warmup_phase_per_clip = (0.4, 0.4)
[evaluate.py]     commands.racket_target.swing_side_per_clip = (1.0, -1.0)
[evaluate.py]     commands.racket_target.mount_normal_sign_per_clip = (1.0, -1.0)
[evaluate.py]     commands.racket_target.racket_pos_range_per_clip = from motion metadata
Free Memory: 116122
| Total Page/Swap (MB): 8191 | Free Page/Swap: 7149
|---------------------------------------------------------------------------------------------|
2026-08-01 23:05:41 [3,077ms] [Warning] [gpu.foundation.plugin] IOMMU is enabled.
2026-08-01 23:05:41 [3,077ms] [Warning] [gpu.foundation.plugin] Detected IOMMU is enabled. Running CUDA peer-to-peer bandwidth and latency validation.
Unidirectional P2P=Enabled Bandwidth (P2P Writes) Matrix (GB/s)
   D\D     0 
     0 1511.12 
P2P=Enabled Latency (P2P Writes) Matrix (us)
   GPU     0 
     0   2.12 

   CPU     0 
     0   1.23 
2026-08-01 23:05:41 [3,177ms] [Warning] [omni.kvdb.plugin] Disabling key-value database because another kit process is locking it
2026-08-01 23:05:49 [11,607ms] [Warning] [omni.usd] Warning: in GetNodeDiscoveryResults at line 136 of /builds/omniverse/usd-ci/USD/pxr/usd/usdShade/shaderDefUtils.cpp -- Unable to resolve info:sourceAsset </UsdPreviewSurface.info:mdl:sourceAsset> with value @UsdPreviewSurface.mdl@.

2026-08-01 23:05:49 [11,607ms] [Warning] [omni.usd] Warning: in GetNodeDiscoveryResults at line 136 of /builds/omniverse/usd-ci/USD/pxr/usd/usdShade/shaderDefUtils.cpp -- Unable to resolve info:sourceAsset </UsdUVTexture.info:mdl:sourceAsset> with value @UsdPreviewSurface.mdl@.

2026-08-01 23:05:49 [11,607ms] [Warning] [omni.usd] Warning: in GetNodeDiscoveryResults at line 136 of /builds/omniverse/usd-ci/USD/pxr/usd/usdShade/shaderDefUtils.cpp -- Unable to resolve info:sourceAsset </UsdPrimvarReader_float.info:mdl:sourceAsset> with value @UsdPreviewSurface.mdl@.

2026-08-01 23:05:49 [11,607ms] [Warning] [omni.usd] Warning: in GetNodeDiscoveryResults at line 136 of /builds/omniverse/usd-ci/USD/pxr/usd/usdShade/shaderDefUtils.cpp -- Unable to resolve info:sourceAsset </UsdPrimvarReader_float2.info:mdl:sourceAsset> with value @UsdPreviewSurface.mdl@.

2026-08-01 23:05:49 [11,607ms] [Warning] [omni.usd] Warning: in GetNodeDiscoveryResults at line 136 of /builds/omniverse/usd-ci/USD/pxr/usd/usdShade/shaderDefUtils.cpp -- Unable to resolve info:sourceAsset </UsdPrimvarReader_float3.info:mdl:sourceAsset> with value @UsdPreviewSurface.mdl@.

2026-08-01 23:05:49 [11,607ms] [Warning] [omni.usd] Warning: in GetNodeDiscoveryResults at line 136 of /builds/omniverse/usd-ci/USD/pxr/usd/usdShade/shaderDefUtils.cpp -- Unable to resolve info:sourceAsset </UsdPrimvarReader_float4.info:mdl:sourceAsset> with value @UsdPreviewSurface.mdl@.

2026-08-01 23:05:49 [11,607ms] [Warning] [omni.usd] Warning: in GetNodeDiscoveryResults at line 136 of /builds/omniverse/usd-ci/USD/pxr/usd/usdShade/shaderDefUtils.cpp -- Unable to resolve info:sourceAsset </UsdPrimvarReader_int.info:mdl:sourceAsset> with value @UsdPreviewSurface.mdl@.

2026-08-01 23:05:49 [11,607ms] [Warning] [omni.usd] Warning: in GetNodeDiscoveryResults at line 136 of /builds/omniverse/usd-ci/USD/pxr/usd/usdShade/shaderDefUtils.cpp -- Unable to resolve info:sourceAsset </UsdPrimvarReader_string.info:mdl:sourceAsset> with value @UsdPreviewSurface.mdl@.

2026-08-01 23:05:49 [11,607ms] [Warning] [omni.usd] Warning: in GetNodeDiscoveryResults at line 136 of /builds/omniverse/usd-ci/USD/pxr/usd/usdShade/shaderDefUtils.cpp -- Unable to resolve info:sourceAsset </UsdPrimvarReader_normal.info:mdl:sourceAsset> with value @UsdPreviewSurface.mdl@.

2026-08-01 23:05:49 [11,608ms] [Warning] [omni.usd] Warning: in GetNodeDiscoveryResults at line 136 of /builds/omniverse/usd-ci/USD/pxr/usd/usdShade/shaderDefUtils.cpp -- Unable to resolve info:sourceAsset </UsdPrimvarReader_point.info:mdl:sourceAsset> with value @UsdPreviewSurface.mdl@.

2026-08-01 23:05:49 [11,608ms] [Warning] [omni.usd] Warning: in GetNodeDiscoveryResults at line 136 of /builds/omniverse/usd-ci/USD/pxr/usd/usdShade/shaderDefUtils.cpp -- Unable to resolve info:sourceAsset </UsdPrimvarReader_vector.info:mdl:sourceAsset> with value @UsdPreviewSurface.mdl@.

2026-08-01 23:05:49 [11,608ms] [Warning] [omni.usd] Warning: in GetNodeDiscoveryResults at line 136 of /builds/omniverse/usd-ci/USD/pxr/usd/usdShade/shaderDefUtils.cpp -- Unable to resolve